[getbootstrap.com/index.html]
[backblue.gif]
[fade.gif]
[index.html]
[getbootstrap.com/dist/css/bootstrap.min.css]
[getbootstrap.com/assets/css/docs.min.css]
[getbootstrap.com/assets/img/favicons/apple-touch-icon.png]
[getbootstrap.com/assets/img/favicons/favicon-32x32.png]
[getbootstrap.com/assets/img/favicons/favicon-16x16.png]
[getbootstrap.com/assets/img/favicons/manifest.json]
[getbootstrap.com/assets/img/favicons/safari-pinned-tab.svg]
[getbootstrap.com/favicon.ico]
[getbootstrap.com/assets/img/favicons/browserconfig.xml]
[getbootstrap.com/assets/brand/bootstrap-social.png]
[www.google-analytics.com/analytics.js]
[getbootstrap.com/assets/img/bootstrap-stack.png]
[getbootstrap.com/docs/4.0/getting-started/introduction/index.html]
[getbootstrap.com/docs/4.0/examples/index.html]
[getbootstrap.com/docs/4.0/index.html]
[getbootstrap.com/docs/4.0/getting-started/download/index.html]
[cdn.carbonads.com/carbonf863.js]
[getbootstrap.com/2.3.2/index.html]
[getbootstrap.com/docs/3.3/index.html]
[getbootstrap.com/assets/img/bootstrap-themes.png]
[getbootstrap.com/docs/4.0/layout/overview/index.html]
[getbootstrap.com/docs/4.0/about/history/index.html]
[getbootstrap.com/assets/js/vendor/popper.min.js]
[code.jquery.com/jquery-3.2.1.slim.min.js]
[getbootstrap.com/dist/js/bootstrap.min.js]
[getbootstrap.com/assets/js/vendor/jquery-slim.min.js]
[getbootstrap.com/assets/js/docs.min.js]
[getbootstrap.com/index.html]
[getbootstrap.com/dist/css/bootstrap.min.css]
[getbootstrap.com/assets/css/docs.min.css]
[getbootstrap.com/assets/img/favicons/safari-pinned-tab.svg]
[getbootstrap.com/assets/js/ie-emulation-modes-warning.js]
[cdn.jsdelivr.net/docsearch.js/2/docsearch.min.css]
[getbootstrap.com/assets/brand/bootstrap-social-logo.png]
[getbootstrap.com/docs/4.0/getting-started/introduction/index.html]
[getbootstrap.com/docs/4.0/getting-started/contents/index.html]
[getbootstrap.com/docs/4.0/getting-started/browsers-devices/index.html]
[getbootstrap.com/docs/4.0/getting-started/javascript/index.html]
[getbootstrap.com/docs/4.0/getting-started/theming/index.html]
[getbootstrap.com/docs/4.0/getting-started/build-tools/index.html]
[getbootstrap.com/docs/4.0/examples/screenshots/starter-template.jpg]
[getbootstrap.com/docs/4.0/getting-started/accessibility/index.html]
[getbootstrap.com/docs/4.0/getting-started/webpack/index.html]
[getbootstrap.com/docs/4.0/examples/screenshots/grid.jpg]
[cdn.jsdelivr.net/docsearch.js/2/docsearch.min.js]
[getbootstrap.com/docs/4.0/examples/screenshots/jumbotron.jpg]
[getbootstrap.com/docs/4.0/layout/media-object/index.html]
[getbootstrap.com/docs/4.0/layout/grid/index.html]
[getbootstrap.com/docs/4.0/layout/utilities-for-layout/index.html]
[getbootstrap.com/docs/4.0/content/reboot/index.html]
[getbootstrap.com/docs/4.0/examples/screenshots/jumbotron-narrow.jpg]
[getbootstrap.com/docs/4.0/content/typography/index.html]
[getbootstrap.com/docs/4.0/content/code/index.html]
[getbootstrap.com/docs/4.0/examples/screenshots/navbar.jpg]
[getbootstrap.com/docs/4.0/examples/screenshots/navbar-static.jpg]
[getbootstrap.com/docs/4.0/content/images/index.html]
[getbootstrap.com/docs/4.0/content/tables/index.html]
[getbootstrap.com/docs/4.0/examples/screenshots/navbar-fixed.jpg]
[getbootstrap.com/docs/4.0/examples/screenshots/navbar-bottom.jpg]
[getbootstrap.com/docs/4.0/content/figures/index.html]
[getbootstrap.com/docs/4.0/examples/screenshots/album.jpg]
[getbootstrap.com/docs/4.0/components/alerts/index.html]
[getbootstrap.com/docs/4.0/examples/screenshots/cover.jpg]
[getbootstrap.com/docs/4.0/components/breadcrumb/index.html]
[getbootstrap.com/docs/4.0/components/badge/index.html]
[getbootstrap.com/docs/4.0/components/buttons/index.html]
[getbootstrap.com/docs/4.0/components/button-group/index.html]
[getbootstrap.com/docs/4.0/examples/screenshots/carousel.jpg]
[getbootstrap.com/docs/4.0/components/carousel/index.html]
[getbootstrap.com/docs/4.0/components/card/index.html]
[getbootstrap.com/docs/4.0/examples/screenshots/blog.jpg]
[getbootstrap.com/docs/4.0/components/collapse/index.html]
[getbootstrap.com/docs/4.0/components/dropdowns/index.html]
[getbootstrap.com/docs/4.0/examples/screenshots/dashboard.jpg]
[getbootstrap.com/docs/4.0/components/forms/index.html]
[getbootstrap.com/docs/4.0/components/input-group/index.html]
[getbootstrap.com/docs/4.0/examples/screenshots/sign-in.jpg]
[getbootstrap.com/docs/4.0/components/jumbotron/index.html]
[getbootstrap.com/docs/4.0/examples/screenshots/justified-nav.jpg]
[getbootstrap.com/docs/4.0/components/list-group/index.html]
[getbootstrap.com/docs/4.0/components/modal/index.html]
[getbootstrap.com/docs/4.0/examples/screenshots/sticky-footer.jpg]
[getbootstrap.com/docs/4.0/examples/screenshots/sticky-footer-navbar.jpg]
[getbootstrap.com/docs/4.0/components/navbar/index.html]
[getbootstrap.com/docs/4.0/examples/screenshots/offcanvas.jpg]
[getbootstrap.com/docs/4.0/components/pagination/index.html]
[getbootstrap.com/docs/4.0/components/navs/index.html]
[getbootstrap.com/docs/4.0/examples/index.html]
[getbootstrap.com/docs/4.0/components/scrollspy/index.html]
[getbootstrap.com/docs/4.0/components/popovers/index.html]
[getbootstrap.com/docs/4.0/index.html]
[getbootstrap.com/docs/4.0/components/progress/index.html]
[getbootstrap.com/docs/4.0/components/tooltips/index.html]
[getbootstrap.com/docs/4.0/utilities/borders/index.html]
[getbootstrap.com/docs/4.0/utilities/close-icon/index.html]
[getbootstrap.com/docs/4.0/utilities/clearfix/index.html]
[getbootstrap.com/docs/4.0/utilities/colors/index.html]
[getbootstrap.com/docs/4.0/utilities/display/index.html]
[getbootstrap.com/docs/4.0/utilities/embed/index.html]
[getbootstrap.com/docs/4.0/utilities/float/index.html]
[getbootstrap.com/docs/4.0/utilities/flex/index.html]
[getbootstrap.com/docs/4.0/utilities/image-replacement/index.html]
[getbootstrap.com/docs/4.0/utilities/position/index.html]
[getbootstrap.com/docs/4.0/utilities/screenreaders/index.html]
[getbootstrap.com/docs/4.0/utilities/sizing/index.html]
[getbootstrap.com/docs/4.0/utilities/spacing/index.html]
[getbootstrap.com/docs/3.3/dist/css/bootstrap.min.css]
[getbootstrap.com/docs/4.0/utilities/text/index.html]
[getbootstrap.com/docs/3.3/assets/css/docs.min.css]
[getbootstrap.com/docs/4.0/utilities/visibility/index.html]
[getbootstrap.com/docs/4.0/utilities/vertical-align/index.html]
[getbootstrap.com/docs/4.0/extend/icons/index.html]
[getbootstrap.com/docs/4.0/migration/index.html]
[getbootstrap.com/docs/3.3/assets/js/ie-emulation-modes-warning.js]
[getbootstrap.com/docs/4.0/about/team/index.html]
[getbootstrap.com/docs/4.0/about/brand/index.html]
[getbootstrap.com/docs/4.0/about/license/index.html]
[getbootstrap.com/docs/4.0/about/translations/index.html]
[getbootstrap.com/apple-touch-icon.png]
[getbootstrap.com/docs/4.0/examples/starter-template/index.html]
[getbootstrap.com/docs/4.0/examples/grid/index.html]
[getbootstrap.com/docs/4.0/examples/jumbotron/index.html]
[getbootstrap.com/docs/4.0/examples/narrow-jumbotron/index.html]
[getbootstrap.com/docs/4.0/examples/navbars/index.html]
[getbootstrap.com/docs/4.0/examples/navbar-top/index.html]
[getbootstrap.com/docs/4.0/examples/navbar-top-fixed/index.html]
[getbootstrap.com/docs/4.0/examples/navbar-bottom/index.html]
[getbootstrap.com/docs/4.0/examples/album/index.html]
[getbootstrap.com/docs/4.0/examples/cover/index.html]
[getbootstrap.com/docs/4.0/examples/carousel/index.html]
[getbootstrap.com/docs/4.0/examples/blog/index.html]
[getbootstrap.com/docs/4.0/examples/dashboard/index.html]
[getbootstrap.com/docs/4.0/examples/signin/index.html]
[getbootstrap.com/docs/4.0/examples/justified-nav/index.html]
[getbootstrap.com/docs/4.0/examples/sticky-footer/index.html]
[getbootstrap.com/docs/4.0/examples/sticky-footer-navbar/index.html]
[getbootstrap.com/docs/4.0/examples/offcanvas/index.html]
[getbootstrap.com/docs/index.html]
[getbootstrap.com/docs/3.3/getting-started/index.html]
[getbootstrap.com/docs/3.3/assets/img/sass-less.png]
[getbootstrap.com/docs/3.3/css/index.html]
[getbootstrap.com/docs/3.3/javascript/index.html]
[getbootstrap.com/docs/3.3/components/index.html]
[getbootstrap.com/docs/3.3/assets/img/devices.png]
[getbootstrap.com/docs/3.3/customize/index.html]
[getbootstrap.com/docs/css/index.html]
[getbootstrap.com/docs/3.3/assets/img/components.png]
[getbootstrap.com/docs/3.3/assets/img/bs-themes.png]
[getbootstrap.com/docs/3.3/assets/img/expo-lyft.jpg]
[getbootstrap.com/docs/3.3/assets/img/expo-vogue.jpg]
[getbootstrap.com/docs/getting-started/index.html]
[getbootstrap.com/docs/3.3/assets/img/expo-riot.jpg]
[getbootstrap.com/docs/3.3/assets/img/expo-newsweek.jpg]
[ajax.googleapis.com/ajax/libs/jquery/1.12.4/jquery.min.js]
[getbootstrap.com/docs/3.3/about/index.html]
[getbootstrap.com/docs/assets/js/vendor/jquery.min.js]
[getbootstrap.com/docs/3.3/dist/js/bootstrap.min.js]
[getbootstrap.com/docs/3.3/assets/js/docs.min.js]
[getbootstrap.com/docs/3.3/assets/js/ie10-viewport-bug-workaround.js]
[getbootstrap.com/docs/3.3/index.html]
[getbootstrap.com/2.3.2/assets/css/bootstrap.css]
[getbootstrap.com/2.3.2/assets/css/bootstrap-responsive.css]
[getbootstrap.com/2.3.2/assets/css/docs.css]
[getbootstrap.com/2.3.2/assets/js/google-code-prettify/prettify.css]
[getbootstrap.com/2.3.2/assets/ico/apple-touch-icon-144-precomposed.png]
[getbootstrap.com/2.3.2/assets/ico/apple-touch-icon-114-precomposed.png]
[getbootstrap.com/2.3.2/assets/ico/apple-touch-icon-72-precomposed.png]
[getbootstrap.com/2.3.2/assets/ico/apple-touch-icon-57-precomposed.png]
[getbootstrap.com/2.3.2/assets/ico/favicon.png]
[getbootstrap.com/2.3.2/index-2.html]
[getbootstrap.com/2.3.2/getting-started.html]
[getbootstrap.com/2.3.2/scaffolding.html]
[getbootstrap.com/2.3.2/components.html]
[getbootstrap.com/2.3.2/base-css.html]
[getbootstrap.com/2.3.2/javascript.html]
[getbootstrap.com/2.3.2/customize.html]
[getbootstrap.com/2.3.2/assets/bootstrap.zip]
[getbootstrap.com/2.3.2/extend.html]
[getbootstrap.com/2.3.2/assets/img/bs-docs-twitter-github.png]
[getbootstrap.com/2.3.2/assets/img/bs-docs-responsive-illustrations.png]
[getbootstrap.com/2.3.2/assets/img/bs-docs-bootstrap-features.png]
[getbootstrap.com/2.3.2/assets/img/example-sites/soundready.png]
[getbootstrap.com/2.3.2/assets/img/example-sites/kippt.png]
[getbootstrap.com/2.3.2/assets/img/example-sites/gathercontent.png]
[getbootstrap.com/2.3.2/assets/img/example-sites/jshint.png]
[getbootstrap.com/2.3.2/assets/js/jquery.js]
[getbootstrap.com/2.3.2/assets/js/bootstrap-transition.js]
[getbootstrap.com/2.3.2/assets/js/bootstrap-alert.js]
[getbootstrap.com/2.3.2/assets/js/bootstrap-modal.js]
[getbootstrap.com/2.3.2/assets/js/bootstrap-dropdown.js]
[getbootstrap.com/2.3.2/assets/js/bootstrap-scrollspy.js]
[getbootstrap.com/2.3.2/assets/js/bootstrap-tab.js]
[getbootstrap.com/2.3.2/assets/js/bootstrap-tooltip.js]
[getbootstrap.com/2.3.2/assets/js/bootstrap-popover.js]
[getbootstrap.com/2.3.2/assets/js/bootstrap-button.js]
[getbootstrap.com/2.3.2/assets/js/bootstrap-collapse.js]
[getbootstrap.com/2.3.2/assets/js/bootstrap-carousel.js]
[getbootstrap.com/2.3.2/assets/js/bootstrap-typeahead.js]
[getbootstrap.com/2.3.2/assets/js/bootstrap-affix.js]
[getbootstrap.com/2.3.2/assets/js/holder/holder.js]
[getbootstrap.com/2.3.2/assets/js/google-code-prettify/prettify.js]
[getbootstrap.com/2.3.2/index.html]
[getbootstrap.com/docs/4.0/getting-started/download/index.html]
[getbootstrap.com/docs/4.0/layout/overview/index.html]
[getbootstrap.com/docs/4.0/about/history/index.html]
[cdn.jsdelivr.net/docsearch.js/2/docsearch.min.css]
[getbootstrap.com/docs/4.0/getting-started/contents/index.html]
[getbootstrap.com/docs/4.0/getting-started/browsers-devices/index.html]
[getbootstrap.com/docs/4.0/getting-started/javascript/index.html]
[getbootstrap.com/docs/4.0/getting-started/theming/index.html]
[getbootstrap.com/docs/4.0/getting-started/build-tools/index.html]
[getbootstrap.com/docs/4.0/getting-started/webpack/index.html]
[getbootstrap.com/docs/4.0/getting-started/accessibility/index.html]
[getbootstrap.com/2.3.2/assets/js/application.js]
[getbootstrap.com/docs/4.0/layout/grid/index.html]
[getbootstrap.com/docs/4.0/layout/media-object/index.html]
[getbootstrap.com/docs/4.0/layout/utilities-for-layout/index.html]
[getbootstrap.com/docs/4.0/content/reboot/index.html]
[getbootstrap.com/docs/4.0/content/typography/index.html]
[getbootstrap.com/docs/4.0/content/code/index.html]
[getbootstrap.com/docs/4.0/browser-bugs/index.html]
[getbootstrap.com/docs/4.0/getting-started/options/index.html]
[getbootstrap.com/docs/4.0/content/images/index.html]
[getbootstrap.com/docs/4.0/content/tables/index.html]
[getbootstrap.com/docs/4.0/content/figures/index.html]
[getbootstrap.com/docs/4.0/components/alerts/index.html]
[getbootstrap.com/docs/4.0/components/badge/index.html]
[getbootstrap.com/docs/4.0/components/breadcrumb/index.html]
[getbootstrap.com/docs/4.0/components/buttons/index.html]
[getbootstrap.com/docs/4.0/components/button-group/index.html]
[getbootstrap.com/docs/4.0/components/card/index.html]
[getbootstrap.com/docs/4.0/components/carousel/index.html]
[getbootstrap.com/docs/4.0/components/collapse/index.html]
[getbootstrap.com/docs/4.0/components/dropdowns/index.html]
[getbootstrap.com/docs/4.0/components/forms/index.html]
[getbootstrap.com/docs/4.0/components/input-group/index.html]
[getbootstrap.com/docs/4.0/components/jumbotron/index.html]
[getbootstrap.com/docs/4.0/components/list-group/index.html]
[getbootstrap.com/docs/4.0/components/modal/index.html]
[getbootstrap.com/docs/4.0/components/navs/index.html]
[cdnjs.cloudflare.com/ajax/libs/popper.js/1.12.3/umd/popper.min.js]
[getbootstrap.com/docs/4.0/components/navbar/index.html]
[getbootstrap.com/docs/4.0/components/pagination/index.html]
[getbootstrap.com/docs/4.0/components/popovers/index.html]
[getbootstrap.com/docs/4.0/components/progress/index.html]
[getbootstrap.com/docs/4.0/components/scrollspy/index.html]
[getbootstrap.com/docs/4.0/components/tooltips/index.html]
[getbootstrap.com/docs/4.0/utilities/borders/index.html]
[getbootstrap.com/docs/4.0/utilities/clearfix/index.html]
[getbootstrap.com/docs/4.0/utilities/close-icon/index.html]
[getbootstrap.com/docs/4.0/utilities/colors/index.html]
[getbootstrap.com/docs/4.0/utilities/display/index.html]
[getbootstrap.com/docs/4.0/utilities/embed/index.html]
[getbootstrap.com/docs/4.0/utilities/flex/index.html]
[getbootstrap.com/docs/4.0/utilities/float/index.html]
[getbootstrap.com/docs/4.0/utilities/image-replacement/index.html]
[getbootstrap.com/docs/4.0/utilities/position/index.html]
[getbootstrap.com/assets/brand/bootstrap-solid.svg]
[getbootstrap.com/docs/4.0/utilities/screenreaders/index.html]
[getbootstrap.com/docs/4.0/utilities/sizing/index.html]
[getbootstrap.com/docs/4.0/utilities/spacing/index.html]
[getbootstrap.com/docs/4.0/utilities/text/index.html]
[getbootstrap.com/docs/4.0/utilities/vertical-align/index.html]
[getbootstrap.com/docs/4.0/utilities/visibility/index.html]
[getbootstrap.com/docs/4.0/extend/icons/index.html]
[getbootstrap.com/docs/4.0/migration/index.html]
[getbootstrap.com/docs/4.0/about/team/index.html]
[getbootstrap.com/docs/4.0/utilities/index.html]
[getbootstrap.com/assets/brand/bootstrap-outline.svg]
[getbootstrap.com/docs/4.0/about/brand/index.html]
[getbootstrap.com/docs/4.0/about/license/index.html]
[getbootstrap.com/docs/4.0/about/translations/index.html]
[getbootstrap.com/assets/brand/bootstrap-punchout.svg]
[getbootstrap.com/docs/4.0/examples/starter-template/starter-template.css]
[getbootstrap.com/assets/js/vendor/jquery.min.js]
[getbootstrap.com/docs/4.0/examples/starter-template/index.html]
[getbootstrap.com/docs/4.0/examples/grid/index.html]
[getbootstrap.com/docs/4.0/examples/grid/grid.css]
[getbootstrap.com/docs/4.0/examples/jumbotron/index.html]
[getbootstrap.com/docs/4.0/examples/jumbotron/jumbotron.css]
[getbootstrap.com/docs/4.0/examples/narrow-jumbotron/index.html]
[getbootstrap.com/docs/4.0/examples/narrow-jumbotron/narrow-jumbotron.css]
[getbootstrap.com/docs/4.0/examples/navbars/index.html]
[getbootstrap.com/docs/4.0/examples/navbars/navbar.css]
[getbootstrap.com/docs/4.0/examples/navbar-top/index.html]
[getbootstrap.com/docs/4.0/examples/navbar-top/navbar-top.css]
[getbootstrap.com/docs/4.0/examples/navbar-top-fixed/index.html]
[getbootstrap.com/docs/4.0/examples/navbar-bottom/index.html]
[getbootstrap.com/docs/4.0/examples/navbar-top-fixed/navbar-top-fixed.css]
[getbootstrap.com/docs/4.0/examples/album/album.css]
[getbootstrap.com/docs/4.0/examples/album/index.html]
[getbootstrap.com/assets/js/vendor/holder.min.js]
[getbootstrap.com/docs/4.0/getting-started/index.html]
[getbootstrap.com/docs/4.0/examples/cover/index.html]
[getbootstrap.com/docs/4.0/examples/cover/cover.css]
[getbootstrap.com/docs/4.0/examples/carousel/index.html]
[getbootstrap.com/docs/4.0/examples/carousel/carousel.css]
[getbootstrap.com/docs/4.0/examples/blog/index.html]
[getbootstrap.com/docs/4.0/examples/blog/blog.css]
[getbootstrap.com/docs/4.0/examples/dashboard/index.html]
[getbootstrap.com/docs/4.0/examples/dashboard/dashboard.css]
[getbootstrap.com/docs/4.0/examples/signin/index.html]
[getbootstrap.com/docs/4.0/examples/signin/signin.css]
[getbootstrap.com/docs/4.0/examples/justified-nav/index.html]
[getbootstrap.com/docs/4.0/examples/justified-nav/justified-nav.css]
[getbootstrap.com/docs/4.0/examples/sticky-footer/sticky-footer.css]
[getbootstrap.com/docs/4.0/examples/sticky-footer/index.html]
[getbootstrap.com/docs/4.0/examples/sticky-footer-navbar/sticky-footer-navbar.css]
[getbootstrap.com/docs/4.0/examples/sticky-footer-navbar/index.html]
[getbootstrap.com/docs/4.0/examples/offcanvas/offcanvas.css]
[getbootstrap.com/docs/4.0/examples/offcanvas/index.html]
[getbootstrap.com/docs/4.0/examples/offcanvas/offcanvas.js]
[getbootstrap.com/docs/3.3/dist/fonts/glyphicons-halflings-regular.eot]
[getbootstrap.com/docs/3.3/dist/fonts/glyphicons-halflings-regulard41d.eot]
[getbootstrap.com/docs/3.3/dist/fonts/glyphicons-halflings-regular.woff2]
[getbootstrap.com/docs/3.3/dist/fonts/glyphicons-halflings-regular.woff]
[getbootstrap.com/docs/3.3/dist/fonts/glyphicons-halflings-regular.ttf]
[getbootstrap.com/docs/3.3/dist/css/bootstrap.min.css]
[getbootstrap.com/docs/3.3/assets/css/docs.min.css]
[getbootstrap.com/docs/index.html]
[getbootstrap.com/docs/3.3/examples/screenshots/starter-template.jpg]
[getbootstrap.com/docs/3.3/dist/fonts/glyphicons-halflings-regular.svg]
[getbootstrap.com/docs/3.3/examples/screenshots/theme.jpg]
[getbootstrap.com/docs/3.3/examples/starter-template/index.html]
[getbootstrap.com/docs/3.3/examples/screenshots/grid.jpg]
[getbootstrap.com/docs/3.3/examples/theme/index.html]
[getbootstrap.com/docs/3.3/examples/screenshots/jumbotron.jpg]
[getbootstrap.com/docs/3.3/examples/grid/index.html]
[getbootstrap.com/docs/3.3/examples/jumbotron/index.html]
[getbootstrap.com/docs/3.3/examples/screenshots/jumbotron-narrow.jpg]
[getbootstrap.com/docs/3.3/examples/screenshots/navbar.jpg]
[getbootstrap.com/docs/3.3/examples/jumbotron-narrow/index.html]
[getbootstrap.com/docs/3.3/examples/screenshots/navbar-static.jpg]
[getbootstrap.com/docs/3.3/examples/screenshots/navbar-fixed.jpg]
[getbootstrap.com/docs/3.3/examples/navbar/index.html]
[getbootstrap.com/docs/3.3/examples/screenshots/cover.jpg]
[getbootstrap.com/docs/3.3/examples/navbar-static-top/index.html]
[getbootstrap.com/docs/3.3/examples/screenshots/carousel.jpg]
[getbootstrap.com/docs/3.3/examples/navbar-fixed-top/index.html]
[getbootstrap.com/docs/3.3/examples/screenshots/blog.jpg]
[getbootstrap.com/docs/3.3/examples/screenshots/dashboard.jpg]
[getbootstrap.com/docs/3.3/examples/cover/index.html]
[getbootstrap.com/docs/3.3/examples/screenshots/sign-in.jpg]
[getbootstrap.com/docs/3.3/examples/screenshots/justified-nav.jpg]
[getbootstrap.com/docs/3.3/examples/carousel/index.html]
[getbootstrap.com/docs/3.3/examples/screenshots/sticky-footer.jpg]
[getbootstrap.com/docs/3.3/examples/blog/index.html]
[getbootstrap.com/docs/3.3/examples/dashboard/index.html]
[getbootstrap.com/docs/3.3/examples/screenshots/sticky-footer-navbar.jpg]
[getbootstrap.com/docs/3.3/examples/signin/index.html]
[getbootstrap.com/docs/3.3/examples/screenshots/non-responsive.jpg]
[getbootstrap.com/docs/3.3/examples/justified-nav/index.html]
[getbootstrap.com/docs/3.3/examples/screenshots/offcanvas.jpg]
[getbootstrap.com/docs/3.3/examples/sticky-footer/index.html]
[getbootstrap.com/docs/3.3/examples/sticky-footer-navbar/index.html]
[getbootstrap.com/docs/3.3/examples/non-responsive/index.html]
[getbootstrap.com/docs/3.3/examples/offcanvas/index.html]
[getbootstrap.com/docs/3.3/migration/index.html]
[getbootstrap.com/docs/3.3/getting-started/index.html]
[getbootstrap.com/docs/3.3/browser-bugs/index.html]
[getbootstrap.com/docs/3.3/assets/js/vendor/jquery.min.js]
[getbootstrap.com/components/index.html]
[getbootstrap.com/docs/3.3/css/index.html]
[getbootstrap.com/docs/3.3/components/index.html]
[getbootstrap.com/docs/3.3/javascript/index.html]
[getbootstrap.com/docs/3.3/customize/index.html]
[getbootstrap.com/docs/css/index.html]
[getbootstrap.com/docs/getting-started/index.html]
[secure.gravatar.com/avatar/bc4ab438f7a4ce1c406aadc688427f2cc3b8.jpeg]
[secure.gravatar.com/avatar/a98244cbdacaf1c0b55499466002f7a8c3b8.png]
[secure.gravatar.com/avatar/edec428c425453955f770095a7d26c50c3b8.png]
[secure.gravatar.com/avatar/0f7dd3ce58a416be5685ea6194f82b11c3b8.jpeg]
[secure.gravatar.com/avatar/e37759b1ea0125d4e97b1e00b5eed26fc3b8.jpeg]
[secure.gravatar.com/avatar/0d53f5d3d3d28bd470f394d98f7ef48fc3b8.png]
[secure.gravatar.com/avatar/357f279672db832fc41a5a2f36559fcbc3b8.jpeg]
[secure.gravatar.com/avatar/24cd55ab1a62ffb113ab8c02f64c9301c3b8.jpeg]
[secure.gravatar.com/avatar/729f685b8e8d7e9feed18c177c82e59bc3b8.jpeg]
[getbootstrap.com/docs/3.3/assets/js/customize.min.js]
[getbootstrap.com/docs/3.3/assets/brand/bootstrap-solid.svg]
[getbootstrap.com/docs/3.3/assets/brand/bootstrap-outline.svg]
[getbootstrap.com/docs/3.3/about/index.html]
[getbootstrap.com/docs/assets/js/vendor/jquery.min.html]
[getbootstrap.com/2.3.2/assets/img/glyphicons-halflings.png]
[getbootstrap.com/docs/3.3/assets/brand/bootstrap-punchout.svg]
[getbootstrap.com/2.3.2/assets/img/glyphicons-halflings-white.png]
[getbootstrap.com/2.3.2/assets/css/bootstrap.css]
[getbootstrap.com/2.3.2/assets/css/bootstrap-responsive.css]
[getbootstrap.com/2.3.2/assets/img/bs-docs-masthead-pattern.png]
[getbootstrap.com/2.3.2/assets/css/docs.css]
[getbootstrap.com/2.3.2/assets/js/google-code-prettify/prettify.css]
[getbootstrap.com/2.3.2/index-2.html]
[getbootstrap.com/2.3.2/examples/starter-template.html]
[getbootstrap.com/getting-started/index.html]
[getbootstrap.com/2.3.2/assets/img/examples/bootstrap-example-starter.png]
[getbootstrap.com/2.3.2/examples/hero.html]
[getbootstrap.com/2.3.2/assets/img/examples/bootstrap-example-marketing.png]
[getbootstrap.com/2.3.2/examples/fluid.html]
[getbootstrap.com/2.3.2/assets/img/examples/bootstrap-example-fluid.png]
[getbootstrap.com/2.3.2/examples/marketing-narrow.html]
[getbootstrap.com/2.3.2/assets/img/examples/bootstrap-example-marketing-narrow.png]
[getbootstrap.com/2.3.2/assets/img/examples/bootstrap-example-justified-nav.png]
[getbootstrap.com/2.3.2/examples/justified-nav.html]
[getbootstrap.com/2.3.2/examples/signin.html]
[getbootstrap.com/2.3.2/assets/img/examples/bootstrap-example-signin.png]
[getbootstrap.com/2.3.2/examples/sticky-footer.html]
[getbootstrap.com/2.3.2/assets/img/examples/bootstrap-example-sticky-footer.png]
[getbootstrap.com/2.3.2/examples/carousel.html]
[getbootstrap.com/2.3.2/assets/img/examples/bootstrap-example-carousel.png]
[getbootstrap.com/2.3.2/getting-started.html]
[getbootstrap.com/2.3.2/assets/img/responsive-illustrations.png]
[getbootstrap.com/2.3.2/scaffolding.html]
[getbootstrap.com/2.3.2/base-css.html]
[getbootstrap.com/2.3.2/components.html]
[getbootstrap.com/css/index.html]
[getbootstrap.com/javascript/index.html]
[getbootstrap.com/2.3.2/assets/img/bootstrap-mdo-sfmoma-01.jpg]
[getbootstrap.com/2.3.2/assets/img/bootstrap-mdo-sfmoma-02.jpg]
[getbootstrap.com/2.3.2/assets/img/bootstrap-mdo-sfmoma-03.jpg]
[getbootstrap.com/2.3.2/javascript.html]
[getbootstrap.com/2.3.2/customize.html]
[getbootstrap.com/2.3.2/assets/img/less-logo-large.png]
[getbootstrap.com/2.3.2/extend.html]
[getbootstrap.com/docs/4.0/browser-bugs/index.html]
[getbootstrap.com/docs/4.0/getting-started/options/index.html]
[getbootstrap.com/assets/brand/bootstrap-solid.svg]
[getbootstrap.com/docs/4.0/utilities/index.html]
[getbootstrap.com/assets/brand/bootstrap-outline.svg]
[getbootstrap.com/assets/brand/bootstrap-punchout.svg]
[getbootstrap.com/docs/4.0/examples/starter-template/starter-template.css]
[getbootstrap.com/assets/js/vendor/jquery.min.html]
[getbootstrap.com/docs/4.0/examples/grid/grid.css]
[getbootstrap.com/docs/4.0/examples/jumbotron/jumbotron.css]
[getbootstrap.com/docs/4.0/examples/narrow-jumbotron/narrow-jumbotron.css]
[getbootstrap.com/docs/4.0/examples/navbars/navbar.css]
[getbootstrap.com/docs/4.0/examples/navbar-top/navbar-top.css]
[getbootstrap.com/docs/4.0/examples/navbar-top-fixed/navbar-top-fixed.css]
[getbootstrap.com/docs/4.0/examples/album/album.css]
[getbootstrap.com/docs/4.0/getting-started/index.html]
[getbootstrap.com/docs/4.0/examples/cover/cover.css]
[getbootstrap.com/docs/4.0/examples/carousel/carousel.css]
[getbootstrap.com/docs/4.0/examples/blog/blog.css]
[getbootstrap.com/docs/4.0/examples/dashboard/dashboard.css]
[getbootstrap.com/docs/4.0/examples/signin/signin.css]
[getbootstrap.com/docs/4.0/examples/justified-nav/justified-nav.css]
[getbootstrap.com/docs/4.0/examples/sticky-footer/sticky-footer.css]
[getbootstrap.com/docs/4.0/examples/sticky-footer-navbar/sticky-footer-navbar.css]
[getbootstrap.com/docs/4.0/examples/offcanvas/offcanvas.css]
[getbootstrap.com/docs/3.3/dist/fonts/glyphicons-halflings-regular.svg]
[getbootstrap.com/docs/3.3/favicon.c3.delayed]
[getbootstrap.com/docs/3.3/assets/css/ie10-viewport-bug-workaround.css]
[getbootstrap.com/docs/3.3/examples/starter-template/index.html]
[getbootstrap.com/docs/3.3/examples/starter-template/starter-template.css]
[getbootstrap.com/docs/3.3/dist/css/bootstrap-theme.min.css]
[getbootstrap.com/docs/3.3/examples/theme/index.html]
[getbootstrap.com/docs/3.3/examples/theme/theme.css]
[getbootstrap.com/docs/3.3/examples/grid/index.html]
[getbootstrap.com/docs/3.3/examples/grid/grid.css]
[getbootstrap.com/docs/3.3/examples/jumbotron/index.html]
[getbootstrap.com/docs/3.3/examples/jumbotron/jumbotron.css]
[getbootstrap.com/docs/3.3/examples/jumbotron-narrow/index.html]
[getbootstrap.com/docs/3.3/examples/jumbotron-narrow/jumbotron-narrow.css]
[getbootstrap.com/docs/3.3/examples/navbar/index.html]
[getbootstrap.com/docs/3.3/examples/navbar/navbar.css]
[getbootstrap.com/docs/3.3/examples/navbar-static-top/index.html]
[getbootstrap.com/docs/3.3/examples/navbar-static-top/navbar-static-top.css]
[getbootstrap.com/docs/3.3/examples/navbar-fixed-top/index.html]
[getbootstrap.com/docs/3.3/examples/navbar-fixed-top/navbar-fixed-top.css]
[getbootstrap.com/docs/3.3/examples/cover/index.html]
[getbootstrap.com/docs/3.3/examples/cover/cover.css]
[getbootstrap.com/docs/3.3/examples/carousel/carousel.css]
[getbootstrap.com/docs/3.3/examples/carousel/index.html]
[getbootstrap.com/docs/3.3/assets/js/vendor/holder.min.js]
[getbootstrap.com/docs/3.3/examples/blog/index.html]
[getbootstrap.com/docs/3.3/examples/blog/blog.css]
[getbootstrap.com/docs/3.3/examples/dashboard/index.html]
[getbootstrap.com/docs/3.3/examples/dashboard/dashboard.css]
[getbootstrap.com/docs/3.3/examples/signin/index.html]
[getbootstrap.com/docs/3.3/examples/signin/signin.css]
[getbootstrap.com/docs/3.3/examples/justified-nav/index.html]
[getbootstrap.com/docs/3.3/examples/justified-nav/justified-nav.css]
[getbootstrap.com/docs/3.3/examples/sticky-footer/sticky-footer.css]
[getbootstrap.com/docs/3.3/examples/sticky-footer/index.html]
[getbootstrap.com/docs/3.3/examples/sticky-footer-navbar/sticky-footer-navbar.css]
[getbootstrap.com/docs/3.3/examples/sticky-footer-navbar/index.html]
[getbootstrap.com/docs/3.3/examples/non-responsive/index.html]
[getbootstrap.com/docs/3.3/examples/non-responsive/non-responsive.css]
[getbootstrap.com/docs/3.3/examples/offcanvas/offcanvas.css]
[getbootstrap.com/docs/3.3/examples/offcanvas/index.html]
[getbootstrap.com/docs/3.3/migration/index.html]
[getbootstrap.com/docs/3.3/browser-bugs/index.html]
[getbootstrap.com/components/index.html]
[getbootstrap.com/docs/3.3/assets/brand/bootstrap-solid.svg]
[getbootstrap.com/docs/3.3/assets/brand/bootstrap-outline.svg]
[getbootstrap.com/docs/3.3/assets/brand/bootstrap-punchout.svg]
[getbootstrap.com/getting-started/index.html]
[getbootstrap.com/2.3.2/examples/starter-template.html]
[getbootstrap.com/docs/3.3/examples/offcanvas/offcanvas.js]
[getbootstrap.com/2.3.2/examples/hero.html]
[getbootstrap.com/2.3.2/examples/fluid.html]
[getbootstrap.com/2.3.2/examples/marketing-narrow.html]
[getbootstrap.com/2.3.2/examples/justified-nav.html]
[getbootstrap.com/2.3.2/examples/signin.html]
[getbootstrap.com/2.3.2/examples/sticky-footer.html]
[getbootstrap.com/2.3.2/examples/sticky-footer-navbar.html]
[getbootstrap.com/2.3.2/assets/img/examples/slide-01.jpg]
[getbootstrap.com/2.3.2/assets/img/examples/slide-02.jpg]
[getbootstrap.com/2.3.2/assets/img/examples/slide-03.jpg]
[getbootstrap.com/2.3.2/assets/img/examples/browser-icon-chrome.png]
[getbootstrap.com/2.3.2/assets/img/examples/browser-icon-firefox.png]
[getbootstrap.com/2.3.2/assets/img/examples/browser-icon-safari.png]
[getbootstrap.com/2.3.2/examples/carousel.html]
[getbootstrap.com/css/index.html]
[getbootstrap.com/javascript/index.html]
[getbootstrap.com/docs/3.3/favicon.html]
[getbootstrap.com/docs/3.3/assets/css/ie10-viewport-bug-workaround.css]
[getbootstrap.com/docs/3.3/examples/starter-template/starter-template.css]
[getbootstrap.com/docs/3.3/dist/css/bootstrap-theme.min.css]
[getbootstrap.com/docs/3.3/examples/theme/theme.css]
[getbootstrap.com/docs/3.3/examples/grid/grid.css]
[getbootstrap.com/docs/3.3/examples/jumbotron/jumbotron.css]
[getbootstrap.com/docs/3.3/examples/jumbotron-narrow/jumbotron-narrow.css]
[getbootstrap.com/docs/3.3/examples/navbar/navbar.css]
[getbootstrap.com/docs/3.3/examples/navbar-static-top/navbar-static-top.css]
[getbootstrap.com/docs/3.3/examples/navbar-fixed-top/navbar-fixed-top.css]
[getbootstrap.com/docs/3.3/examples/cover/cover.css]
[getbootstrap.com/docs/3.3/examples/carousel/carousel.css]
[getbootstrap.com/docs/3.3/examples/blog/blog.css]
[getbootstrap.com/docs/3.3/examples/dashboard/dashboard.css]
[getbootstrap.com/docs/3.3/examples/signin/signin.css]
[getbootstrap.com/docs/3.3/examples/justified-nav/justified-nav.css]
[getbootstrap.com/docs/3.3/examples/sticky-footer/sticky-footer.css]
[getbootstrap.com/docs/3.3/examples/sticky-footer-navbar/sticky-footer-navbar.css]
[getbootstrap.com/docs/3.3/examples/non-responsive/non-responsive.css]
[getbootstrap.com/docs/3.3/examples/offcanvas/offcanvas.css]
[secure.gaug.es/track.js]
[getbootstrap.com/2.3.2/examples/sticky-footer-navbar.html]
[platform.twitter.com/widgets.js]
